[foo, 0, 0] => foo, -1, 0 
[foo, 0, 10] => foo, -1, 8 
[foo, 0, 49] => foo, -1, 47 
[foo, 0, 50] => foo, -1, 48 
[foo, 0, 51] => foo, -1, 49 
[foo, 0, 80] => foo, -1, 78 
[foo, 5, 0] => foo, 4, 0 
[foo, 5, 10] => foo, 4, 9 
[foo, 5, 49] => foo, 4, 48 
[foo, 5, 50] => foo, 4, 49 
[foo, 5, 51] => foo, 4, 50 
[foo, 5, 80] => foo, 4, 79 
[foo, 10, 0] => foo, 9, 0 
[foo, 10, 10] => foo, 9, 9 
[foo, 10, 49] => foo, 9, 48 
[foo, 10, 50] => foo, 9, 49 
[foo, 10, 51] => foo, 9, 50 
[foo, 10, 80] => foo, 9, 79 
[foo, 11, 0] => foo, 10, 0 
[foo, 11, 10] => foo, 10, 9 
[foo, 11, 49] => foo, 10, 48 
[foo, 11, 50] => foo, 10, 49 
[foo, 11, 51] => foo, 10, 50 
[foo, 11, 80] => foo, 10, 79 
[Aged Brie, 0, 0] => Aged Brie, -1, 2 
[Aged Brie, 0, 10] => Aged Brie, -1, 12 
[Aged Brie, 0, 49] => Aged Brie, -1, 50 
[Aged Brie, 0, 50] => Aged Brie, -1, 50 
[Aged Brie, 0, 51] => Aged Brie, -1, 51 
[Aged Brie, 0, 80] => Aged Brie, -1, 80 
[Aged Brie, 5, 0] => Aged Brie, 4, 1 
[Aged Brie, 5, 10] => Aged Brie, 4, 11 
[Aged Brie, 5, 49] => Aged Brie, 4, 50 
[Aged Brie, 5, 50] => Aged Brie, 4, 50 
[Aged Brie, 5, 51] => Aged Brie, 4, 51 
[Aged Brie, 5, 80] => Aged Brie, 4, 80 
[Aged Brie, 10, 0] => Aged Brie, 9, 1 
[Aged Brie, 10, 10] => Aged Brie, 9, 11 
[Aged Brie, 10, 49] => Aged Brie, 9, 50 
[Aged Brie, 10, 50] => Aged Brie, 9, 50 
[Aged Brie, 10, 51] => Aged Brie, 9, 51 
[Aged Brie, 10, 80] => Aged Brie, 9, 80 
[Aged Brie, 11, 0] => Aged Brie, 10, 1 
[Aged Brie, 11, 10] => Aged Brie, 10, 11 
[Aged Brie, 11, 49] => Aged Brie, 10, 50 
[Aged Brie, 11, 50] => Aged Brie, 10, 50 
[Aged Brie, 11, 51] => Aged Brie, 10, 51 
[Aged Brie, 11, 80] => Aged Brie, 10, 80 
[Sulfuras, Hand of Ragnaros, 0, 0] => Sulfuras, Hand of Ragnaros, 0, 0 
[Sulfuras, Hand of Ragnaros, 0, 10] => Sulfuras, Hand of Ragnaros, 0, 10 
[Sulfuras, Hand of Ragnaros, 0, 49] => Sulfuras, Hand of Ragnaros, 0, 49 
[Sulfuras, Hand of Ragnaros, 0, 50] => Sulfuras, Hand of Ragnaros, 0, 50 
[Sulfuras, Hand of Ragnaros, 0, 51] => Sulfuras, Hand of Ragnaros, 0, 51 
[Sulfuras, Hand of Ragnaros, 0, 80] => Sulfuras, Hand of Ragnaros, 0, 80 
[Sulfuras, Hand of Ragnaros, 5, 0] => Sulfuras, Hand of Ragnaros, 5, 0 
[Sulfuras, Hand of Ragnaros, 5, 10] => Sulfuras, Hand of Ragnaros, 5, 10 
[Sulfuras, Hand of Ragnaros, 5, 49] => Sulfuras, Hand of Ragnaros, 5, 49 
[Sulfuras, Hand of Ragnaros, 5, 50] => Sulfuras, Hand of Ragnaros, 5, 50 
[Sulfuras, Hand of Ragnaros, 5, 51] => Sulfuras, Hand of Ragnaros, 5, 51 
[Sulfuras, Hand of Ragnaros, 5, 80] => Sulfuras, Hand of Ragnaros, 5, 80 
[Sulfuras, Hand of Ragnaros, 10, 0] => Sulfuras, Hand of Ragnaros, 10, 0 
[Sulfuras, Hand of Ragnaros, 10, 10] => Sulfuras, Hand of Ragnaros, 10, 10 
[Sulfuras, Hand of Ragnaros, 10, 49] => Sulfuras, Hand of Ragnaros, 10, 49 
[Sulfuras, Hand of Ragnaros, 10, 50] => Sulfuras, Hand of Ragnaros, 10, 50 
[Sulfuras, Hand of Ragnaros, 10, 51] => Sulfuras, Hand of Ragnaros, 10, 51 
[Sulfuras, Hand of Ragnaros, 10, 80] => Sulfuras, Hand of Ragnaros, 10, 80 
[Sulfuras, Hand of Ragnaros, 11, 0] => Sulfuras, Hand of Ragnaros, 11, 0 
[Sulfuras, Hand of Ragnaros, 11, 10] => Sulfuras, Hand of Ragnaros, 11, 10 
[Sulfuras, Hand of Ragnaros, 11, 49] => Sulfuras, Hand of Ragnaros, 11, 49 
[Sulfuras, Hand of Ragnaros, 11, 50] => Sulfuras, Hand of Ragnaros, 11, 50 
[Sulfuras, Hand of Ragnaros, 11, 51] => Sulfuras, Hand of Ragnaros, 11, 51 
[Sulfuras, Hand of Ragnaros, 11, 80] => Sulfuras, Hand of Ragnaros, 11, 80 
[Backstage passes to a TAFKAL80ETC concert, 0, 0] => Backstage passes to a TAFKAL80ETC concert, -1, 0 
[Backstage passes to a TAFKAL80ETC concert, 0, 10] => Backstage passes to a TAFKAL80ETC concert, -1, 0 
[Backstage passes to a TAFKAL80ETC concert, 0, 49] => Backstage passes to a TAFKAL80ETC concert, -1, 0 
[Backstage passes to a TAFKAL80ETC concert, 0, 50] => Backstage passes to a TAFKAL80ETC concert, -1, 0 
[Backstage passes to a TAFKAL80ETC concert, 0, 51] => Backstage passes to a TAFKAL80ETC concert, -1, 0 
[Backstage passes to a TAFKAL80ETC concert, 0, 80] => Backstage passes to a TAFKAL80ETC concert, -1, 0 
[Backstage passes to a TAFKAL80ETC concert, 5, 0] => Backstage passes to a TAFKAL80ETC concert, 4, 3 
[Backstage passes to a TAFKAL80ETC concert, 5, 10] => Backstage passes to a TAFKAL80ETC concert, 4, 13 
[Backstage passes to a TAFKAL80ETC concert, 5, 49] => Backstage passes to a TAFKAL80ETC concert, 4, 50 
[Backstage passes to a TAFKAL80ETC concert, 5, 50] => Backstage passes to a TAFKAL80ETC concert, 4, 50 
[Backstage passes to a TAFKAL80ETC concert, 5, 51] => Backstage passes to a TAFKAL80ETC concert, 4, 51 
[Backstage passes to a TAFKAL80ETC concert, 5, 80] => Backstage passes to a TAFKAL80ETC concert, 4, 80 
[Backstage passes to a TAFKAL80ETC concert, 10, 0] => Backstage passes to a TAFKAL80ETC concert, 9, 2 
[Backstage passes to a TAFKAL80ETC concert, 10, 10] => Backstage passes to a TAFKAL80ETC concert, 9, 12 
[Backstage passes to a TAFKAL80ETC concert, 10, 49] => Backstage passes to a TAFKAL80ETC concert, 9, 50 
[Backstage passes to a TAFKAL80ETC concert, 10, 50] => Backstage passes to a TAFKAL80ETC concert, 9, 50 
[Backstage passes to a TAFKAL80ETC concert, 10, 51] => Backstage passes to a TAFKAL80ETC concert, 9, 51 
[Backstage passes to a TAFKAL80ETC concert, 10, 80] => Backstage passes to a TAFKAL80ETC concert, 9, 80 
[Backstage passes to a TAFKAL80ETC concert, 11, 0] => Backstage passes to a TAFKAL80ETC concert, 10, 1 
[Backstage passes to a TAFKAL80ETC concert, 11, 10] => Backstage passes to a TAFKAL80ETC concert, 10, 11 
[Backstage passes to a TAFKAL80ETC concert, 11, 49] => Backstage passes to a TAFKAL80ETC concert, 10, 50 
[Backstage passes to a TAFKAL80ETC concert, 11, 50] => Backstage passes to a TAFKAL80ETC concert, 10, 50 
[Backstage passes to a TAFKAL80ETC concert, 11, 51] => Backstage passes to a TAFKAL80ETC concert, 10, 51 
[Backstage passes to a TAFKAL80ETC concert, 11, 80] => Backstage passes to a TAFKAL80ETC concert, 10, 80 
